// Jest Snapshot v1, https://goo.gl/fbAQLP

exports[`renders correctly 1`] = `
<View
  style={
    Object {
      "backgroundColor": "white",
    }
  }
>
  <View
    style={
      Object {
        "alignItems": "center",
        "backgroundColor": "#cabaa9",
        "borderRadius": 20,
        "color": "white",
        "marginLeft": "auto",
        "marginRight": "auto",
        "marginTop": 10,
        "width": "90%",
      }
    }
  >
    <TextInput
      onChangeText={[Function]}
      onSubmitEditing={[Function]}
      placeholder="Captial name"
      placeholderTextColor="black"
      value=""
    />
  </View>
  <View>
    <View
      accessible={true}
      collapsable={false}
      focusable={true}
      onClick={[Function]}
      onResponderGrant={[Function]}
      onResponderMove={[Function]}
      onResponderRelease={[Function]}
      onResponderTerminate={[Function]}
      onResponderTerminationRequest={[Function]}
      onStartShouldSetResponder={[Function]}
      style={
        Object {
          "alignItems": "center",
          "backgroundColor": "#cabaa9",
          "borderRadius": 18,
          "height": 45,
          "marginLeft": "auto",
          "marginRight": "auto",
          "marginTop": 10,
          "opacity": 1,
          "textAlign": "center",
          "width": 100,
        }
      }
    >
      <Text
        style={
          Object {
            "color": "black",
            "fontSize": 15,
            "marginTop": 13,
          }
        }
      >
        Get Info
      </Text>
    </View>
  </View>
  <View
    style={
      Object {
        "backgroundColor": "#13456d",
        "borderTopLeftRadius": 40,
        "borderTopRightRadius": 40,
        "height": "100%",
        "marginTop": 5,
      }
    }
  >
    <Image
      source={
        Object {
          "uri": "https://icon-library.com/images/mostly-cloudy-icon/mostly-cloudy-icon-4.jpg",
        }
      }
      style={
        Object {
          "height": 250,
          "marginLeft": "auto",
          "marginRight": "auto",
          "marginTop": 100,
          "width": 300,
        }
      }
    />
    <Text
      style={
        Object {
          "color": "black",
          "fontSize": 28,
          "fontWeight": "500",
          "textAlign": "center",
        }
      }
    >
      All Weather Info of Location
    </Text>
  </View>
</View>
`;

exports[`renders correctly 2`] = `
<View
  style={
    Array [
      Object {
        "height": "100%",
      },
      Object {
        "backgroundColor": "#f4c679",
      },
    ]
  }
>
  <View
    style={
      Object {
        "marginLeft": "auto",
        "marginRight": "auto",
      }
    }
  >
    <Text
      style={
        Object {
          "color": "white",
          "fontSize": 22,
          "marginTop": 45,
          "marginVertical": 10,
          "textAlign": "center",
        }
      }
    >
      Thu Aug 25 2022
    </Text>
    <Text
      style={
        Object {
          "color": "white",
          "fontSize": 25,
          "fontWeight": "400",
          "textAlign": "center",
        }
      }
    >
      undefined, undefined
    </Text>
    <Image
      source={
        Object {
          "uri": "https://png.pngtree.com/element_our/20190529/ourlarge/pngtree-weather-forecast-image_1197280.jpg",
        }
      }
      style={
        Object {
          "height": 300,
          "marginLeft": "auto",
          "marginRight": "auto",
          "marginTop": 30,
          "width": 300,
        }
      }
    />
    <Text
      style={
        Object {
          "color": "white",
          "fontSize": 38,
          "marginTop": -10,
          "textAlign": "center",
        }
      }
    >
      NaN °C
    </Text>
    <Text
      style={
        Object {
          "color": "white",
          "fontSize": 25,
          "fontWeight": "400",
          "textAlign": "center",
        }
      }
    >
      Very Hot
    </Text>
    <Text
      style={
        Object {
          "color": "white",
          "fontSize": 22,
          "fontWeight": "500",
          "marginVertical": 10,
          "textAlign": "center",
        }
      }
    >
      Min NaN °C / Max NaN °C
    </Text>
  </View>
</View>
`;

exports[`renders correctly 3`] = `
<View>
  <View />
</View>
`;
